{
  "asm": [
    {
      "labels": [],
      "source": {
        "file": null,
        "line": 15
      },
      "text": "main:                                   # @main"
    },
    {
      "labels": [],
      "source": {
        "file": null,
        "line": 15
      },
      "text": "        mov     eax, 3"
    },
    {
      "labels": [],
      "source": {
        "file": null,
        "line": 15
      },
      "text": "        ret"
    },
    {
      "labels": [],
      "source": null,
      "text": ""
    }
  ],
  "labelDefinitions": {
    "main": 1
  }
}
