{
  "asm": [
    {
      "labels": [],
      "source": {
        "file": null,
        "line": 5
      },
      "text": "example::abort:"
    },
    {
      "labels": [],
      "source": {
        "file": null,
        "line": 5
      },
      "text": "        .inst.n 0xdefe"
    },
    {
      "labels": [],
      "source": {
        "file": null,
        "line": 5
      },
      "text": "        .inst.n 0xdefe"
    },
    {
      "labels": [],
      "source": null,
      "text": ""
    },
    {
      "labels": [],
      "source": null,
      "text": ""
    },
    {
      "labels": [],
      "source": null,
      "text": ""
    }
  ],
  "labelDefinitions": {
    "example": 1
  }
}
